

== Warning ==  output dir is not empty! Please, clean output directory before run.




== Warning ==  No assembly mode was specified! If you intend to assemble high-coverage multi-cell/isolate data, use '--isolate' option.


Command line: /root/skhokhal/miniconda3/envs/salmonella-pipeline/bin/spades.py	-k	55	-t	4	--pe1-1	/data/short-reads/SRR1968189_1.fastq	--pe1-2	/data/short-reads/SRR1968189_2.fastq	-o	/data/spades_assembled/SRR1968189/k_55	

System information:
  SPAdes version: 3.15.3
  Python version: 3.9.7
  OS: Linux-4.19.0-17-amd64-x86_64-with-glibc2.28

Output dir: /data/spades_assembled/SRR1968189/k_55
Mode: read error correction and assembling
Debug mode is turned OFF

Dataset parameters:
  Standard mode
  For multi-cell/isolate data we recommend to use '--isolate' option; for single-cell MDA data use '--sc'; for metagenomic data use '--meta'; for RNA-Seq use '--rna'.
  Reads:
    Library number: 1, library type: paired-end
      orientation: fr
      left reads: ['/data/short-reads/SRR1968189_1.fastq']
      right reads: ['/data/short-reads/SRR1968189_2.fastq']
      interlaced reads: not specified
      single reads: not specified
      merged reads: not specified
Read error correction parameters:
  Iterations: 1
  PHRED offset will be auto-detected
  Corrected reads will be compressed
Assembly parameters:
  k: [55]
  Repeat resolution is enabled
  Mismatch careful mode is turned OFF
  MismatchCorrector will be SKIPPED
  Coverage cutoff is turned OFF
Other parameters:
  Dir for temp files: /data/spades_assembled/SRR1968189/k_55/tmp
  Threads: 4
  Memory limit (in Gb): 15


======= SPAdes pipeline started. Log can be found here: /data/spades_assembled/SRR1968189/k_55/spades.log

/data/short-reads/SRR1968189_1.fastq: max reads length: 100
/data/short-reads/SRR1968189_2.fastq: max reads length: 100

Reads length: 100


===== Before start started. 


===== Read error correction started. 


===== Read error correction started. 


== Running: /root/skhokhal/miniconda3/envs/salmonella-pipeline/bin/spades-hammer /data/spades_assembled/SRR1968189/k_55/corrected/configs/config.info

  0:00:00.000     1M / 11M   INFO    General                 (main.cpp                  :  75)   Starting BayesHammer, built from N/A, git revision N/A
  0:00:00.016     1M / 11M   INFO    General                 (main.cpp                  :  76)   Loading config from /data/spades_assembled/SRR1968189/k_55/corrected/configs/config.info
  0:00:00.018     1M / 11M   INFO    General                 (main.cpp                  :  78)   Maximum # of threads to use (adjusted due to OMP capabilities): 4
  0:00:00.018     1M / 11M   INFO    General                 (memory_limit.cpp          :  48)   Memory limit set to 15 Gb
  0:00:00.018     1M / 11M   INFO    General                 (main.cpp                  :  86)   Trying to determine PHRED offset
  0:00:00.018     1M / 11M   INFO    General                 (main.cpp                  :  92)   Determined value is 33
  0:00:00.018     1M / 11M   INFO    General                 (hammer_tools.cpp          :  38)   Hamming graph threshold tau=1, k=21, subkmer positions = [ 0 10 ]
  0:00:00.018     1M / 11M   INFO    General                 (main.cpp                  : 113)   Size of aux. kmer data 24 bytes
     === ITERATION 0 begins ===
  0:00:00.019     1M / 11M   INFO    General                 (kmer_index_builder.hpp    : 243)   Splitting kmer instances into 16 files using 4 threads. This might take a while.
  0:00:00.019     1M / 11M   INFO    General                 (file_limit.hpp            :  32)   Open file limit set to 1024
  0:00:00.019     1M / 11M   INFO    General                 (kmer_splitter.hpp         :  93)   Memory available for splitting buffers: 1.24999 Gb
  0:00:00.019     1M / 11M   INFO    General                 (kmer_splitter.hpp         : 101)   Using cell size of 4194304
  0:00:00.082  2305M / 2305M INFO   K-mer Splitting          (kmer_data.cpp             :  97)   Processing /data/short-reads/SRR1968189_1.fastq

Traceback (most recent call last):
  File "/root/skhokhal/miniconda3/envs/salmonella-pipeline/bin/spades.py", line 626, in main
    executor.execute(commands)
  File "/root/skhokhal/miniconda3/envs/salmonella-pipeline/share/spades/spades_pipeline/executors/executor_local.py", line 37, in execute
    command.run(self.log)
  File "/root/skhokhal/miniconda3/envs/salmonella-pipeline/share/spades/spades_pipeline/commands_parser.py", line 38, in run
    support.sys_call(self.to_list(), log)
  File "/root/skhokhal/miniconda3/envs/salmonella-pipeline/share/spades/spades_pipeline/support.py", line 312, in sys_call
    line = process_readline(proc.stdout.readline())
KeyboardInterrupt


== Error ==  exception caught: <class 'KeyboardInterrupt'>

In case you have troubles running SPAdes, you can write to spades.support@cab.spbu.ru
or report an issue on our GitHub repository github.com/ablab/spades
Please provide us with params.txt and spades.log files from the output directory.

SPAdes log can be found here: /data/spades_assembled/SRR1968189/k_55/spades.log

Thank you for using SPAdes!
